Request timed out after 3000ms

Retrying 1/3...
Request timed out after 3000ms

Retrying 1/3...
Request timed out after 3000ms

Retrying 1/3...
Request timed out after 3000ms

Retrying 1/3...
Request timed out after 3000ms

Retrying 1/3...
Request timed out after 3000ms

Retrying 1/3...
Request timed out after 3000ms

Retrying 1/3...
Request timed out after 3000ms

Retrying 1/3...
Request timed out after 3000ms

Retrying 1/3...
Request timed out after 3000ms

Retrying 1/3...
Request timed out after 3000ms

Retrying 1/3...
Request timed out after 3000ms

Retrying 1/3...
Request timed out after 3000ms

Retrying 1/3...
Request timed out after 3000ms

Retrying 1/3...
Request timed out after 3000ms

Retrying 1/3...
Request timed out after 3000ms

Retrying 1/3...
Request timed out after 3000ms

Retrying 1/3...
Request timed out after 3000ms

Retrying 1/3...
Request timed out after 3000ms

Retrying 1/3...
Request timed out after 3000ms

Retrying 1/3...
Request timed out after 3000ms

Retrying 1/3...
Request timed out after 3000ms

Retrying 1/3...
Request timed out after 3000ms

Retrying 1/3...
Request timed out after 3000ms

Retrying 1/3...
Request timed out after 3000ms

Retrying 1/3...
Request timed out after 3000ms

Retrying 1/3...
Request timed out after 3000ms

Retrying 1/3...
Request timed out after 3000ms

Retrying 1/3...
Request timed out after 3000ms

Retrying 1/3...
Request timed out after 3000ms

Retrying 1/3...
Request timed out after 3000ms

Retrying 1/3...
Request timed out after 3000ms

Retrying 1/3...
Request timed out after 3000ms

Retrying 1/3...
Request timed out after 3000ms

Retrying 1/3...
Request timed out after 3000ms

Retrying 1/3...
Request timed out after 3000ms

Retrying 1/3...
Request timed out after 3000ms

Retrying 1/3...
Request timed out after 3000ms

Retrying 1/3...
Request timed out after 3000ms

Retrying 1/3...
Request timed out after 3000ms

Retrying 1/3...
Request timed out after 3000ms

Retrying 1/3...
Request timed out after 3000ms

Retrying 1/3...
Request timed out after 3000ms

Retrying 1/3...
Request timed out after 3000ms

Retrying 1/3...
Request timed out after 3000ms

Retrying 1/3...
Request timed out after 3000ms

Retrying 1/3...
Request timed out after 3000ms

Retrying 1/3...
Request timed out after 3000ms

Retrying 1/3...
Request timed out after 3000ms

Retrying 1/3...
Request timed out after 3000ms

Retrying 1/3...
Request timed out after 3000ms

Retrying 1/3...
Request timed out after 3000ms

Retrying 1/3...
Request timed out after 3000ms

Retrying 1/3...
Request timed out after 3000ms

Retrying 1/3...
Request timed out after 3000ms

Retrying 1/3...
Request timed out after 3000ms

Retrying 1/3...
Request timed out after 3000ms

Retrying 1/3...
Request timed out after 3000ms

Retrying 1/3...
Request timed out after 3000ms

Retrying 1/3...
Request timed out after 3000ms

Retrying 1/3...
Request timed out after 3000ms

Retrying 1/3...
Request timed out after 3000ms

Retrying 1/3...
Request timed out after 3000ms

Retrying 1/3...
Request timed out after 3000ms

Retrying 1/3...
Request timed out after 3000ms

Retrying 1/3...
Request timed out after 3000ms

Retrying 1/3...
Request timed out after 3000ms

Retrying 1/3...
Request timed out after 3000ms

Retrying 1/3...
Request timed out after 3000ms

Retrying 1/3...
Request timed out after 3000ms

Retrying 1/3...
Request timed out after 3000ms

Retrying 1/3...
Request timed out after 3000ms

Retrying 1/3...
Request timed out after 3000ms

Retrying 1/3...
Request timed out after 3000ms

Retrying 1/3...
(node:37956) Warning: To load an ES module, set "type": "module" in the package.json or use the .mjs extension.
(Use `node --trace-warnings ...` to show where the warning was created)
 ⚠ Cross origin request detected from 127.0.0.1 to /_next/* resource. In a future major version of Next.js, you will need to explicitly configure "allowedDevOrigins" in next.config to allow this.
Read more: https://nextjs.org/docs/app/api-reference/config/next-config-js/allowedDevOrigins
 ⚠ Fast Refresh had to perform a full reload. Read more: https://nextjs.org/docs/messages/fast-refresh-reload
 ⚠ Fast Refresh had to perform a full reload. Read more: https://nextjs.org/docs/messages/fast-refresh-reload
